// Jest Snapshot v1, https://goo.gl/fbAQLP

exports[`Inline Styles 1`] = `"<html><head><title>test</title><style id=\\"composition-site-styles\\"></style><style id=\\"composition-app-styles\\"></style><composition:styled-components></composition:styled-components></head><body><script type=\\"text/javascript\\">if(!((window.Object&&window.Object.assign)&&window.fetch&&Array.prototype.includes&&window.Map&&window.Promise&&window.Set))document.write('<script type=\\"text/javascript\\" src=\\"/dist/polyfills.js\\" defer=\\"\\"><\\\\/script>');</script><script type=\\"text/javascript\\" src=\\"/dist/runtime.js\\" defer=\\"\\"></script><script type=\\"text/javascript\\" src=\\"/dist/engine.js\\" defer=\\"\\"></script><script type=\\"text/javascript\\" src=\\"/dist/combinations/default.js\\" defer=\\"\\"></script><div id=\\"composition-app\\"><div data-type=\\"div\\" data-id=\\"abc\\"><div data-error-component=\\"fail\\" data-error-id=\\"def\\" data-error-message=\\"fail\\"></div><div data-type=\\"div\\" data-id=\\"xyz\\"></div></div></div><script type=\\"text/javascript\\">window.Composition=window.Composition||{};Composition.cache={};Composition.id=\\"composition-app\\";Composition.method=\\"render\\";Composition.singlePage=true;Composition.template=\\"test\\";Composition.tree={\\"type\\":\\"div\\",\\"id\\":\\"abc\\",\\"children\\":[{\\"type\\":\\"fail\\",\\"id\\":\\"def\\",\\"children\\":[{\\"type\\":\\"div\\",\\"id\\":\\"ghi\\"}]},{\\"type\\":\\"div\\",\\"id\\":\\"xyz\\"}]}</script></body></html>"`;

exports[`Page Component 1`] = `"<html><head><title>test</title><link id=\\"composition-site-styles\\" href=\\"/dist/site.css\\" rel=\\"stylesheet\\"/><link id=\\"composition-app-styles\\" href=\\"/dist/app.css\\" rel=\\"stylesheet\\"/><composition:styled-components></composition:styled-components></head><body><script type=\\"text/javascript\\">if(!((window.Object&&window.Object.assign)&&window.fetch&&Array.prototype.includes&&window.Map&&window.Promise&&window.Set))document.write('<script type=\\"text/javascript\\" src=\\"/dist/polyfills.js\\" defer=\\"\\"><\\\\/script>');</script><script type=\\"text/javascript\\" src=\\"/dist/runtime.js\\" defer=\\"\\"></script><script type=\\"text/javascript\\" src=\\"/dist/engine.js\\" defer=\\"\\"></script><script type=\\"text/javascript\\" src=\\"/dist/combinations/default.js\\" defer=\\"\\"></script><div id=\\"composition-app\\"><div data-type=\\"div\\" data-id=\\"abc\\"><div data-error-component=\\"fail\\" data-error-id=\\"def\\" data-error-message=\\"fail\\"></div><div data-type=\\"div\\" data-id=\\"xyz\\"></div></div></div><script type=\\"text/javascript\\">window.Composition=window.Composition||{};Composition.cache={};Composition.id=\\"composition-app\\";Composition.method=\\"render\\";Composition.singlePage=true;Composition.template=\\"test\\";Composition.tree={\\"type\\":\\"div\\",\\"id\\":\\"abc\\",\\"children\\":[{\\"type\\":\\"fail\\",\\"id\\":\\"def\\",\\"children\\":[{\\"type\\":\\"div\\",\\"id\\":\\"ghi\\"}]},{\\"type\\":\\"div\\",\\"id\\":\\"xyz\\"}]}</script></body></html>"`;
